[master ccee180] 0 of 100
 Committer: CS24000 Account <cs240@data.cs.purdue.edu>
Your name and email address were configured automatically based
on your username and hostname. Please check that they are accurate.
You can suppress this message by setting them explicitly:

    git config --global user.name "Your Name"
    git config --global user.email you@example.com

After doing this, you may fix the identity used for this commit with:

    git commit --amend --reset-author

 3 files changed, 18 insertions(+)
 create mode 100644 test/.local.git.out
 create mode 100644 test/.local.total.out
 create mode 100644 test/total.out
[master 368e0c5] 20 of 100
 7 files changed, 56 insertions(+), 3 deletions(-)
 create mode 100755 a.out
 create mode 100755 high-low
 create mode 100644 high-low.o
[master d137972] 20 of 100
 7 files changed, 17 insertions(+), 2 deletions(-)
 create mode 100755 .nfs0000000000105efb00000113
[master f93d8e5] 20 of 100
 6 files changed, 13 insertions(+), 1 deletion(-)
 rewrite high-low.o (74%)
[master 37aa9f1] 20 of 100
 6 files changed, 13 insertions(+), 1 deletion(-)
 rewrite high-low.o (66%)
[master a4bceae] 20 of 100
 6 files changed, 14 insertions(+), 1 deletion(-)
 rewrite high-low.o (77%)
[master 594d0c2] 20 of 100
 6 files changed, 13 insertions(+), 1 deletion(-)
[master b791d61] 20 of 100
 6 files changed, 12 insertions(+), 1 deletion(-)
 rewrite high-low.o (63%)
[master 35f6c8c] 40 of 100
 6 files changed, 15 insertions(+), 3 deletions(-)
[master f845baf] 80 of 100
 6 files changed, 15 insertions(+), 4 deletions(-)
[master 45ffa0d] 100 of 100
 6 files changed, 16 insertions(+), 2 deletions(-)
[master 3c33d7c] 100 of 100
 4 files changed, 11 insertions(+)
 rewrite a.out (84%)
 create mode 100755 exp
